src/pages/document/index.tsx(23,9): error TS6133: 'handleOpenVersionHistory' is declared but its value is never read.
